Server running on port 3000
Connected to SQLite database
[0mGET /api/health [32m200[0m 3.428 ms - 60[0m
[0mGET /api/profile [33m401[0m 1.330 ms - 33[0m
[0mGET /api/profile [33m401[0m 0.816 ms - 33[0m
[0mGET /server.js [33m404[0m 0.349 ms - 9[0m
[0mGET /users.db [33m404[0m 0.499 ms - 9[0m
[0mGET /orders.json [33m404[0m 0.187 ms - 9[0m
[0mGET /admins.json [33m404[0m 0.221 ms - 9[0m
[0mGET /reviews.json [33m404[0m 0.303 ms - 9[0m
[0mGET /package.json [33m404[0m 0.313 ms - 9[0m
[0mGET /render.yaml [33m404[0m 0.373 ms - 9[0m
[0mGET /products.json [32m200[0m 2.652 ms - 14475[0m
[0mGET /script.js [32m200[0m 1.019 ms - 177711[0m
[0mGET /api/notifications [36m304[0m 6.863 ms - -[0m
[0mGET /api/support/unread-indicator [36m304[0m 7.843 ms - -[0m
[0mGET /api/support/unread-indicator [36m304[0m 1.412 ms - -[0m
[0mGET /style.css [32m200[0m 0.964 ms - 118618[0m
[0mGET /images/Secret.png [32m200[0m 0.817 ms - 1380258[0m
[0mGET /api/health [32m200[0m 0.471 ms - 60[0m
[0mGET /api/admins [33m404[0m 1.307 ms - 149[0m
[0mGET /api/profile [33m401[0m 0.594 ms - 33[0m
[0mGET /api/profile [33m401[0m 1.551 ms - 33[0m
[0mGET /api/profile [33m401[0m 0.550 ms - 33[0m
[0mGET /api/profile [33m401[0m 0.904 ms - 33[0m
[0mPOST /api/register [32m201[0m 85.603 ms - 178[0m
[0mPOST /api/orders [32m200[0m 4.878 ms - 531[0m
[0mGET /api/notifications [32m200[0m 14.414 ms - 354[0m
[0mGET /api/profile [33m401[0m 0.721 ms - 33[0m
[0mGET /api/profile [33m401[0m 0.663 ms - 33[0m
[0mGET /api/support/unread-indicator [36m304[0m 1.651 ms - -[0m
[0mGET /api/notifications [32m200[0m 2.474 ms - 340[0m
[0mGET /api/support/unread-indicator [36m304[0m 1.323 ms - -[0m
[0mPOST /api/notifications/ack [32m200[0m 4.775 ms - 28[0m
[0mGET /api/profile [33m401[0m 0.571 ms - 33[0m
[0mGET /api/support/unread-indicator [36m304[0m 21.568 ms - -[0m
[0mGET /api/notifications [32m200[0m 1.330 ms - 12[0m
[0mGET /api/support/unread-indicator [36m304[0m 1.618 ms - -[0m
[0mGET /index.html [32m200[0m 0.669 ms - 24142[0m
[0mGET /chat.css [32m200[0m 3.333 ms - 8341[0m
[0mGET /site-notifications.js [32m200[0m 3.824 ms - 8907[0m
[0mGET /style.css [32m200[0m 4.520 ms - 118618[0m
[0mGET /logo.png [32m200[0m 3.466 ms - 87666[0m
[0mGET /auth-integration.js [32m200[0m 0.859 ms - 30411[0m
[0mGET /images/reklama.png [32m200[0m 4.194 ms - 2297350[0m
[0mGET /script.js [32m200[0m 0.871 ms - 177711[0m
[0mGET /chat.js [32m200[0m 0.726 ms - 5901[0m
[0mGET /products.json?t=1778645997770 [32m200[0m 1.772 ms - 14475[0m
[0mGET /background.png [32m200[0m 0.932 ms - 1508282[0m
[0mGET /api/profile [32m200[0m 5.646 ms - 163[0m
[0mGET /api/user/stars [32m200[0m 5.547 ms - 17[0m
[0mGET /products.json?t=1778645997801 [32m200[0m 3.687 ms - 14475[0m
[0mGET /masterclasses.json?t=1778645997805 [32m200[0m 4.378 ms - 3[0m
[0mGET /api/user/masterclasses [32m200[0m 7.089 ms - 12[0m
[0mGET /api/support/unread-indicator [32m200[0m 7.810 ms - 415[0m
[0mGET /images/250.png [32m200[0m 1.350 ms - 163573[0m
[0mGET /api/user/stars [32m200[0m 4.944 ms - 17[0m
[0mGET /images/%D0%A1%D0%B2%D1%96%D1%87%D0%BA%D0%B0_____%F0%9F%8D%B7%E2%9C%A8%D0%93%D1%80%D0%B0%D0%BD%D0%B0%D1%82%D0%BE%D0%B2%D0%B8%D0%B9_%D1%81%D0%B8%D0%B4%D1%80%E2%9C%A8_1.jpg [32m200[0m 6.012 ms - 81307[0m
[0mGET /images/%D0%A1%D0%B2%D1%96%D1%87%D0%BA%D0%B0____________%F0%9F%8D%8BLimoncello_Creme_1.jpg [32m200[0m 5.358 ms - 72363[0m
[0mGET /images/%D0%90%D1%80%D0%BE%D0%BC%D0%B0-%D1%81%D0%B2%D1%96%D1%87%D0%BA%D0%B0___________%F0%9F%A5%A5Coconut%F0%9F%8C%B4_1.jpg [32m200[0m 5.514 ms - 105642[0m
[0mGET /images/%D0%A1%D0%B2%D1%96%D1%87%D0%BA%D0%B0__________%F0%9F%8C%BF%D0%91%D0%B0%D0%B2%D0%BE%D0%B2%D0%BD%D0%B0_%D1%82%D0%B0_%D0%86%D1%80%D0%B8%D1%81%F0%9F%8C%BF_1.jpg [32m200[0m 4.447 ms - 113968[0m
[0mGET /images/%D0%A1%D0%B2%D1%96%D1%87%D0%BA%D0%B0_ROSES_1.jpg [32m200[0m 5.065 ms - 97293[0m
[0mGET /images/%D0%A1%D0%B2%D1%96%D1%87%D0%BA%D0%B0_TOSCANA_1.jpg [32m200[0m 5.016 ms - 79216[0m
[0mGET /images/%D0%A1%D0%B2%D1%96%D1%87%D0%BA%D0%B0_LILAS_1.jpg [32m200[0m 4.018 ms - 102180[0m
[0mGET /images/%D0%A1%D0%B2%D1%96%D1%87%D0%BA%D0%B0_FASHION_GIRL_1.jpg [32m200[0m 1.003 ms - 119448[0m
[0mGET /images/Secret.png [32m200[0m 3.625 ms - 1380258[0m
[0mGET /images/500.png [32m200[0m 5.512 ms - 3225176[0m
[0mGET /images/1000.png [32m200[0m 4.082 ms - 3445742[0m
[0mGET /favicon.ico [33m404[0m 0.729 ms - 150[0m
[0mGET /api/support/unread-indicator [36m304[0m 1.470 ms - -[0m
[0mGET /api/profile [33m401[0m 0.495 ms - 33[0m
[0mGET /admin.html [36m304[0m 1.020 ms - -[0m
[0mGET /admin.css [36m304[0m 1.656 ms - -[0m
[0mGET /site-notifications.js [36m304[0m 2.079 ms - -[0m
[0mGET /admin.js [36m304[0m 2.380 ms - -[0m
[0mGET /style.css [36m304[0m 0.376 ms - -[0m
[0mGET /index.html?t=1778646001075 [32m200[0m 1.616 ms - 24142[0m
[0mGET /api/admin/me [36m304[0m 1.994 ms - -[0m
[0mGET /background.png [36m304[0m 0.325 ms - -[0m
[0mGET /logo.png [36m304[0m 0.375 ms - -[0m
[0mGET /products.json?t=1778646001146 [32m200[0m 21.294 ms - 14475[0m
[0mGET /api/admin/overview [32m200[0m 23.309 ms - 941[0m
[0mGET /api/profile [33m401[0m 0.441 ms - 33[0m
[0mGET /api/admin/data/orders [32m200[0m 1.627 ms - 2[0m
[0mGET /api/admin/orders/history [32m200[0m 3.973 ms - 2[0m
[0mGET /api/profile [33m401[0m 0.364 ms - 33[0m
[0mGET /api/profile [33m401[0m 0.560 ms - 33[0m
[0mGET /api/profile [33m401[0m 0.925 ms - 33[0m
[0mGET /api/profile [33m401[0m 0.509 ms - 33[0m
[0mGET /api/profile [33m401[0m 0.512 ms - 33[0m
[0mGET /api/profile [33m401[0m 0.524 ms - 33[0m
[0mGET /api/profile [33m401[0m 0.351 ms - 33[0m
[0mGET /api/profile [33m401[0m 0.498 ms - 33[0m
[0mGET /api/profile [33m401[0m 0.484 ms - 33[0m
[0mGET /api/profile [33m401[0m 0.395 ms - 33[0m
[0mGET /api/profile [33m401[0m 0.690 ms - 33[0m
[0mGET /api/profile [33m401[0m 0.406 ms - 33[0m
[0mGET /api/profile [33m401[0m 0.459 ms - 33[0m
[0mGET /api/profile [33m401[0m 0.788 ms - 33[0m
[0mGET /api/profile [33m401[0m 0.381 ms - 33[0m
[0mGET /api/profile [33m401[0m 0.444 ms - 33[0m
[0mGET /api/profile [33m401[0m 0.358 ms - 33[0m
[0mGET /api/profile [33m401[0m 0.414 ms - 33[0m
[0mGET /api/profile [33m401[0m 0.351 ms - 33[0m
[0mGET /api/profile [33m401[0m 0.351 ms - 33[0m
[0mGET /api/profile [33m401[0m 0.407 ms - 33[0m
[0mGET /api/profile [33m401[0m 0.509 ms - 33[0m
